2024-04-09 13:26:56,253 - __main__ - DEBUG - Validating file: newTest.txt
2024-04-09 13:26:56,264 - __main__ - DEBUG - scan_result: {scan_result}
2024-04-09 13:39:18,332 - __main__ - DEBUG - Validating file: TESTINGDOC.txt
2024-04-09 13:39:18,344 - __main__ - DEBUG - scan_result: {scan_result}
2024-04-09 15:03:36,566 - __main__ - DEBUG - Validating file: ArchieGledhillCV.rtf
2024-04-09 15:03:36,575 - __main__ - DEBUG - scan_result: {scan_result}
2024-04-09 15:03:36,866 - __main__ - ERROR - Conversion failed: Traceback (most recent call last):
  File "/Users/ag/PycharmProjects/FileConversionServiceX/app.py", line 46, in convert_file
    converter.convert(output_stream)
  File "/Users/ag/PycharmProjects/FileConversionServiceX/converter_logic/rtf_to_txt_converter.py", line 27, in convert
    raise e
  File "/Users/ag/PycharmProjects/FileConversionServiceX/converter_logic/rtf_to_txt_converter.py", line 18, in convert
    subprocess.run(command, check=True, shell=True)
  File "/Library/Frameworks/Python.framework/Versions/3.12/lib/python3.12/subprocess.py", line 571, in run
    raise CalledProcessError(retcode, process.args,
subprocess.CalledProcessError: Command 'unrtf --text /var/folders/fh/ydk8l4t16ws2w9f2fctf7k_h0000gn/T/tmpemrof4ld.rtf > /var/folders/fh/ydk8l4t16ws2w9f2fctf7k_h0000gn/T/tmpemrof4ld.rtf.txt' returned non-zero exit status 1.

2024-04-09 15:05:31,898 - __main__ - DEBUG - Validating file: ArchieGledhillCV.rtf
2024-04-09 15:05:31,901 - __main__ - DEBUG - scan_result: {scan_result}
2024-04-09 15:05:32,156 - __main__ - ERROR - Conversion failed: Traceback (most recent call last):
  File "/Users/ag/PycharmProjects/FileConversionServiceX/app.py", line 46, in convert_file
    converter.convert(output_stream)
  File "/Users/ag/PycharmProjects/FileConversionServiceX/converter_logic/rtf_to_txt_converter.py", line 27, in convert
    raise e
  File "/Users/ag/PycharmProjects/FileConversionServiceX/converter_logic/rtf_to_txt_converter.py", line 18, in convert
    subprocess.run(command, check=True, shell=True)
  File "/Library/Frameworks/Python.framework/Versions/3.12/lib/python3.12/subprocess.py", line 571, in run
    raise CalledProcessError(retcode, process.args,
subprocess.CalledProcessError: Command 'unrtf --text /var/folders/fh/ydk8l4t16ws2w9f2fctf7k_h0000gn/T/tmpc6qcojv4.rtf > /var/folders/fh/ydk8l4t16ws2w9f2fctf7k_h0000gn/T/tmpc6qcojv4.rtf.txt' returned non-zero exit status 10.

2024-04-09 15:34:52,476 - __main__ - DEBUG - Validating file: ArchieGledhillCV_1.rtf
2024-04-09 15:34:52,484 - __main__ - DEBUG - scan_result: {scan_result}
2024-04-09 15:34:52,517 - __main__ - ERROR - Conversion failed: Traceback (most recent call last):
  File "/Users/ag/PycharmProjects/FileConversionServiceX/app.py", line 46, in convert_file
    converter.convert(output_stream)
  File "/Users/ag/PycharmProjects/FileConversionServiceX/converter_logic/rtf_to_txt_converter.py", line 27, in convert
    raise e
  File "/Users/ag/PycharmProjects/FileConversionServiceX/converter_logic/rtf_to_txt_converter.py", line 18, in convert
    subprocess.run(command, check=True, shell=True)
  File "/Library/Frameworks/Python.framework/Versions/3.12/lib/python3.12/subprocess.py", line 571, in run
    raise CalledProcessError(retcode, process.args,
subprocess.CalledProcessError: Command 'unrtf --text /var/folders/fh/ydk8l4t16ws2w9f2fctf7k_h0000gn/T/tmpkspgu_yg.rtf > /var/folders/fh/ydk8l4t16ws2w9f2fctf7k_h0000gn/T/tmpkspgu_yg.rtf.txt' returned non-zero exit status 10.

2024-04-09 16:38:44,896 - __main__ - DEBUG - Validating file: newTest.rtf
2024-04-09 16:38:44,902 - __main__ - DEBUG - scan_result: {scan_result}
2024-04-09 16:38:44,925 - converter_logic.rtf_to_txt_converter - ERROR - An error occurred during RTF to TXT conversion: Error (line 0): Cannot open input file

2024-04-09 16:38:44,929 - __main__ - ERROR - Conversion failed: Traceback (most recent call last):
  File "/Users/ag/PycharmProjects/FileConversionServiceX/converter_logic/rtf_to_txt_converter.py", line 25, in convert
    result = subprocess.run(command, check=True, stdout=subprocess.PIPE, stderr=subprocess.PIPE)
             ^^^^^^^^^^^^^^^^^^^^^^^^^^^^^^^^^^^^^^^^^^^^^^^^^^^^^^^^^^^^^^^^^^^^^^^^^^^^^^^^^^^
  File "/Library/Frameworks/Python.framework/Versions/3.12/lib/python3.12/subprocess.py", line 571, in run
    raise CalledProcessError(retcode, process.args,
subprocess.CalledProcessError: Command '['unrtf', '--text', '/var/folders/fh/ydk8l4t16ws2w9f2fctf7k_h0000gn/T/tmpeyn1jkg0.rtf']' returned non-zero exit status 10.

The above exception was the direct cause of the following exception:

Traceback (most recent call last):
  File "/Users/ag/PycharmProjects/FileConversionServiceX/app.py", line 46, in convert_file
    converter.convert(output_stream)
  File "/Users/ag/PycharmProjects/FileConversionServiceX/converter_logic/rtf_to_txt_converter.py", line 42, in convert
    raise RuntimeError("RTF to TXT conversion failed") from e
RuntimeError: RTF to TXT conversion failed

2024-04-09 16:41:53,028 - __main__ - DEBUG - Validating file: newTest.rtf
2024-04-09 16:41:53,031 - __main__ - DEBUG - scan_result: {scan_result}
2024-04-09 16:41:53,052 - converter_logic.rtf_to_txt_converter - ERROR - An error occurred during RTF to TXT conversion: Error (line 0): Cannot open input file

2024-04-09 16:41:53,053 - __main__ - ERROR - Conversion failed: Traceback (most recent call last):
  File "/Users/ag/PycharmProjects/FileConversionServiceX/converter_logic/rtf_to_txt_converter.py", line 25, in convert
    result = subprocess.run(command, check=True, stdout=subprocess.PIPE, stderr=subprocess.PIPE)
             ^^^^^^^^^^^^^^^^^^^^^^^^^^^^^^^^^^^^^^^^^^^^^^^^^^^^^^^^^^^^^^^^^^^^^^^^^^^^^^^^^^^
  File "/Library/Frameworks/Python.framework/Versions/3.12/lib/python3.12/subprocess.py", line 571, in run
    raise CalledProcessError(retcode, process.args,
subprocess.CalledProcessError: Command '['unrtf', '--text', '/var/folders/fh/ydk8l4t16ws2w9f2fctf7k_h0000gn/T/tmp4aja_56q.rtf']' returned non-zero exit status 10.

The above exception was the direct cause of the following exception:

Traceback (most recent call last):
  File "/Users/ag/PycharmProjects/FileConversionServiceX/app.py", line 46, in convert_file
    converter.convert(output_stream)
  File "/Users/ag/PycharmProjects/FileConversionServiceX/converter_logic/rtf_to_txt_converter.py", line 42, in convert
    raise RuntimeError("RTF to TXT conversion failed") from e
RuntimeError: RTF to TXT conversion failed

2024-04-09 16:42:04,308 - __main__ - DEBUG - Validating file: another_test_1.rtf
2024-04-09 16:42:04,309 - __main__ - DEBUG - scan_result: {scan_result}
2024-04-09 16:42:04,329 - converter_logic.rtf_to_txt_converter - ERROR - An error occurred during RTF to TXT conversion: Error (line 0): Cannot open input file

2024-04-09 16:42:04,330 - __main__ - ERROR - Conversion failed: Traceback (most recent call last):
  File "/Users/ag/PycharmProjects/FileConversionServiceX/converter_logic/rtf_to_txt_converter.py", line 25, in convert
    result = subprocess.run(command, check=True, stdout=subprocess.PIPE, stderr=subprocess.PIPE)
             ^^^^^^^^^^^^^^^^^^^^^^^^^^^^^^^^^^^^^^^^^^^^^^^^^^^^^^^^^^^^^^^^^^^^^^^^^^^^^^^^^^^
  File "/Library/Frameworks/Python.framework/Versions/3.12/lib/python3.12/subprocess.py", line 571, in run
    raise CalledProcessError(retcode, process.args,
subprocess.CalledProcessError: Command '['unrtf', '--text', '/var/folders/fh/ydk8l4t16ws2w9f2fctf7k_h0000gn/T/tmp8d6fbjlg.rtf']' returned non-zero exit status 10.

The above exception was the direct cause of the following exception:

Traceback (most recent call last):
  File "/Users/ag/PycharmProjects/FileConversionServiceX/app.py", line 46, in convert_file
    converter.convert(output_stream)
  File "/Users/ag/PycharmProjects/FileConversionServiceX/converter_logic/rtf_to_txt_converter.py", line 42, in convert
    raise RuntimeError("RTF to TXT conversion failed") from e
RuntimeError: RTF to TXT conversion failed

2024-04-09 16:45:12,378 - __main__ - DEBUG - Validating file: newTest.rtf
2024-04-09 16:45:12,382 - __main__ - DEBUG - scan_result: {scan_result}
2024-04-09 16:45:12,404 - converter_logic.rtf_to_txt_converter - ERROR - An error occurred during RTF to TXT conversion: Error (line 0): Cannot open input file

2024-04-09 16:45:12,406 - __main__ - ERROR - Conversion failed: Traceback (most recent call last):
  File "/Users/ag/PycharmProjects/FileConversionServiceX/converter_logic/rtf_to_txt_converter.py", line 25, in convert
    result = subprocess.run(command, check=True, stdout=subprocess.PIPE, stderr=subprocess.PIPE)
             ^^^^^^^^^^^^^^^^^^^^^^^^^^^^^^^^^^^^^^^^^^^^^^^^^^^^^^^^^^^^^^^^^^^^^^^^^^^^^^^^^^^
  File "/Library/Frameworks/Python.framework/Versions/3.12/lib/python3.12/subprocess.py", line 571, in run
    raise CalledProcessError(retcode, process.args,
subprocess.CalledProcessError: Command '['unrtf', '--text', '/var/folders/fh/ydk8l4t16ws2w9f2fctf7k_h0000gn/T/tmp88vvpwkq.rtf']' returned non-zero exit status 10.

The above exception was the direct cause of the following exception:

Traceback (most recent call last):
  File "/Users/ag/PycharmProjects/FileConversionServiceX/app.py", line 46, in convert_file
    converter.convert(output_stream)
  File "/Users/ag/PycharmProjects/FileConversionServiceX/converter_logic/rtf_to_txt_converter.py", line 42, in convert
    raise RuntimeError("RTF to TXT conversion failed") from e
RuntimeError: RTF to TXT conversion failed

2024-04-09 16:50:28,418 - __main__ - DEBUG - Validating file: newTest.rtf
2024-04-09 16:50:28,421 - __main__ - DEBUG - scan_result: {scan_result}
2024-04-09 16:50:50,890 - __main__ - DEBUG - Validating file: newTest.rtf
2024-04-09 16:50:50,893 - __main__ - DEBUG - scan_result: {scan_result}
2024-04-09 16:50:50,914 - converter_logic.rtf_to_txt_converter - ERROR - An error occurred during RTF to TXT conversion: Error (line 0): Cannot open input file

2024-04-09 16:50:50,917 - __main__ - ERROR - Conversion failed: Traceback (most recent call last):
  File "/Users/ag/PycharmProjects/FileConversionServiceX/converter_logic/rtf_to_txt_converter.py", line 25, in convert
    result = subprocess.run(command, check=True, stdout=subprocess.PIPE, stderr=subprocess.PIPE)
             ^^^^^^^^^^^^^^^^^^^^^^^^^^^^^^^^^^^^^^^^^^^^^^^^^^^^^^^^^^^^^^^^^^^^^^^^^^^^^^^^^^^
  File "/Library/Frameworks/Python.framework/Versions/3.12/lib/python3.12/subprocess.py", line 571, in run
    raise CalledProcessError(retcode, process.args,
subprocess.CalledProcessError: Command '['unrtf', '--text', '/var/folders/fh/ydk8l4t16ws2w9f2fctf7k_h0000gn/T/tmpe915m1pj.rtf']' returned non-zero exit status 10.

The above exception was the direct cause of the following exception:

Traceback (most recent call last):
  File "/Users/ag/PycharmProjects/FileConversionServiceX/app.py", line 46, in convert_file
    converter.convert(output_stream)
  File "/Users/ag/PycharmProjects/FileConversionServiceX/converter_logic/rtf_to_txt_converter.py", line 42, in convert
    raise RuntimeError("RTF to TXT conversion failed") from e
RuntimeError: RTF to TXT conversion failed

2024-04-09 16:51:40,105 - __main__ - DEBUG - Validating file: newTest.rtf
2024-04-09 16:51:40,107 - __main__ - DEBUG - scan_result: {scan_result}
2024-04-09 16:52:10,418 - __main__ - DEBUG - Validating file: ArchieGledhillCV_1.rtf
2024-04-09 16:52:10,421 - __main__ - DEBUG - scan_result: {scan_result}
2024-04-09 16:53:10,196 - __main__ - DEBUG - Validating file: ArchieGledhillCV_1.rtf
2024-04-09 16:53:10,197 - __main__ - DEBUG - scan_result: {scan_result}
2024-04-09 16:53:10,279 - __main__ - DEBUG - Validating file: ArchieGledhillCV_1.rtf
2024-04-09 16:53:10,282 - __main__ - DEBUG - scan_result: {scan_result}
2024-04-09 16:53:14,112 - __main__ - DEBUG - Validating file: ArchieGledhillCV_1.rtf
2024-04-09 16:53:14,115 - __main__ - DEBUG - scan_result: {scan_result}
2024-04-09 16:53:14,142 - __main__ - ERROR - Conversion failed: Traceback (most recent call last):
  File "/Users/ag/PycharmProjects/FileConversionServiceX/app.py", line 46, in convert_file
    converter.convert(output_stream)
  File "/Users/ag/PycharmProjects/FileConversionServiceX/converter_logic/rtf_to_txt_converter.py", line 27, in convert
    with open(temp_txt_path, 'rb') as temp_txt_file:
         ^^^^^^^^^^^^^^^^^^^^^^^^^
FileNotFoundError: [Errno 2] No such file or directory: '/var/folders/fh/ydk8l4t16ws2w9f2fctf7k_h0000gn/T/tmpkdzfe0uh.rtf.txt'

2024-04-09 16:53:23,760 - __main__ - DEBUG - Validating file: ArchieGledhillCV_1.rtf
2024-04-09 16:53:23,762 - __main__ - DEBUG - scan_result: {scan_result}
2024-04-09 16:53:24,851 - __main__ - DEBUG - Validating file: ArchieGledhillCV_1.rtf
2024-04-09 16:53:24,854 - __main__ - DEBUG - scan_result: {scan_result}
2024-04-09 16:53:25,946 - __main__ - DEBUG - Validating file: ArchieGledhillCV_1.rtf
2024-04-09 16:53:25,948 - __main__ - DEBUG - scan_result: {scan_result}
2024-04-09 16:53:28,153 - __main__ - DEBUG - Validating file: ArchieGledhillCV_1.rtf
2024-04-09 16:53:28,156 - __main__ - DEBUG - scan_result: {scan_result}
2024-04-09 16:55:46,735 - __main__ - DEBUG - Validating file: output.txt
2024-04-09 16:55:46,737 - __main__ - DEBUG - scan_result: {scan_result}
2024-04-09 16:56:14,304 - __main__ - DEBUG - Validating file: newTest.txt
2024-04-09 16:56:14,307 - __main__ - DEBUG - scan_result: {scan_result}
2024-04-09 16:56:43,445 - __main__ - DEBUG - Validating file: Reportp1.docx
2024-04-09 16:56:43,468 - __main__ - DEBUG - scan_result: {scan_result}
2024-04-09 16:56:43,484 - converter_logic.docx_to_rtf_converter - DEBUG - Created temporary directory: /var/folders/fh/ydk8l4t16ws2w9f2fctf7k_h0000gn/T/tmpubl40suf
2024-04-09 16:56:43,485 - converter_logic.docx_to_rtf_converter - DEBUG - Temporary paths set for input: /var/folders/fh/ydk8l4t16ws2w9f2fctf7k_h0000gn/T/tmpubl40suf/document.docx and output: /var/folders/fh/ydk8l4t16ws2w9f2fctf7k_h0000gn/T/tmpubl40suf/document.rtf
2024-04-09 16:56:43,488 - converter_logic.docx_to_rtf_converter - DEBUG - Wrote input stream to temporary file
2024-04-09 16:56:43,488 - converter_logic.docx_to_rtf_converter - DEBUG - Executing command: pandoc -s /var/folders/fh/ydk8l4t16ws2w9f2fctf7k_h0000gn/T/tmpubl40suf/document.docx -o /var/folders/fh/ydk8l4t16ws2w9f2fctf7k_h0000gn/T/tmpubl40suf/document.rtf
2024-04-09 16:56:46,867 - converter_logic.docx_to_rtf_converter - DEBUG - Pandoc conversion executed successfully
2024-04-09 16:56:46,869 - converter_logic.docx_to_rtf_converter - DEBUG - Read converted RTF content back into the output stream
2024-04-09 16:57:12,009 - __main__ - DEBUG - Validating file: ArchieGledhillCV.pdf
2024-04-09 16:57:12,072 - __main__ - DEBUG - scan_result: {scan_result}
2024-04-09 16:58:03,110 - __main__ - DEBUG - Validating file: ArchieGledhillCV.pdf
2024-04-09 16:58:03,113 - __main__ - DEBUG - scan_result: {scan_result}
2024-04-09 16:58:04,661 - __main__ - DEBUG - Validating file: ArchieGledhillCV.pdf
2024-04-09 16:58:04,665 - __main__ - DEBUG - scan_result: {scan_result}
2024-04-09 16:58:43,796 - __main__ - DEBUG - Validating file: ArchieGledhillCV.pdf
2024-04-09 16:58:43,799 - __main__ - DEBUG - scan_result: {scan_result}
2024-04-09 16:58:45,688 - __main__ - DEBUG - Validating file: ArchieGledhillCV.pdf
2024-04-09 16:58:45,691 - __main__ - DEBUG - scan_result: {scan_result}
2024-04-09 17:00:56,161 - __main__ - DEBUG - Validating file: ArchieGledhillCV.pdf
2024-04-09 17:00:56,164 - __main__ - DEBUG - scan_result: {scan_result}
2024-04-09 18:39:17,611 - __main__ - DEBUG - Validating file: ArchieGledhillCV_2.docx
2024-04-09 18:39:17,616 - __main__ - DEBUG - scan_result: {scan_result}
2024-04-09 18:39:17,625 - converter_logic.docx_to_rtf_converter - DEBUG - Created temporary directory: /var/folders/fh/ydk8l4t16ws2w9f2fctf7k_h0000gn/T/tmp7f_8hat8
2024-04-09 18:39:17,625 - converter_logic.docx_to_rtf_converter - DEBUG - Temporary paths set for input: /var/folders/fh/ydk8l4t16ws2w9f2fctf7k_h0000gn/T/tmp7f_8hat8/document.docx and output: /var/folders/fh/ydk8l4t16ws2w9f2fctf7k_h0000gn/T/tmp7f_8hat8/document.rtf
2024-04-09 18:39:17,625 - converter_logic.docx_to_rtf_converter - DEBUG - Wrote input stream to temporary file
2024-04-09 18:39:17,626 - converter_logic.docx_to_rtf_converter - DEBUG - Executing command: pandoc -s /var/folders/fh/ydk8l4t16ws2w9f2fctf7k_h0000gn/T/tmp7f_8hat8/document.docx -o /var/folders/fh/ydk8l4t16ws2w9f2fctf7k_h0000gn/T/tmp7f_8hat8/document.rtf
2024-04-09 18:39:17,951 - converter_logic.docx_to_rtf_converter - DEBUG - Pandoc conversion executed successfully
2024-04-09 18:39:17,951 - converter_logic.docx_to_rtf_converter - DEBUG - Read converted RTF content back into the output stream
2024-04-09 18:39:21,184 - __main__ - DEBUG - Validating file: ArchieGledhillCV_2.docx
2024-04-09 18:39:21,187 - __main__ - DEBUG - scan_result: {scan_result}
2024-04-09 18:39:36,246 - __main__ - DEBUG - Validating file: Reportp1_4.pdf
2024-04-09 18:39:38,032 - __main__ - DEBUG - scan_result: {scan_result}
2024-04-09 18:42:29,548 - __main__ - DEBUG - Validating file: TESTINGDOC_1.rtf
2024-04-09 18:42:29,554 - __main__ - DEBUG - scan_result: {scan_result}
2024-04-09 18:42:29,564 - __main__ - ERROR - Conversion failed: Traceback (most recent call last):
  File "/Users/ag/PycharmProjects/FileConversionServiceX/app.py", line 46, in convert_file
    converter.convert(output_stream)
  File "/Users/ag/PycharmProjects/FileConversionServiceX/converter_logic/rtf_to_txt_converter.py", line 7, in convert
    raise NotImplemented
TypeError: exceptions must derive from BaseException

2024-04-09 18:44:13,388 - __main__ - DEBUG - Validating file: TESTINGDOC_1.rtf
2024-04-09 18:44:13,390 - __main__ - DEBUG - scan_result: {scan_result}
2024-04-09 18:44:19,065 - __main__ - DEBUG - Validating file: TESTINGDOC_1.rtf
2024-04-09 18:44:19,068 - __main__ - DEBUG - scan_result: {scan_result}
2024-04-09 18:44:19,076 - converter_logic.rtf_to_docx_converter - INFO - Temporary RTF path: /var/folders/fh/ydk8l4t16ws2w9f2fctf7k_h0000gn/T/tmprfxwxqg9/input.rtf
2024-04-09 18:44:19,076 - converter_logic.rtf_to_docx_converter - INFO - Temporary DOCX path: /var/folders/fh/ydk8l4t16ws2w9f2fctf7k_h0000gn/T/tmprfxwxqg9/input.docx
2024-04-09 18:44:19,076 - converter_logic.rtf_to_docx_converter - INFO - Written RTF content to temporary file
2024-04-09 18:44:19,076 - converter_logic.rtf_to_docx_converter - INFO - Executing command: /Applications/LibreOffice.app/Contents/MacOS/soffice --headless --convert-to docx --outdir /var/folders/fh/ydk8l4t16ws2w9f2fctf7k_h0000gn/T/tmprfxwxqg9 /var/folders/fh/ydk8l4t16ws2w9f2fctf7k_h0000gn/T/tmprfxwxqg9/input.rtf
2024-04-09 18:44:20,163 - converter_logic.rtf_to_docx_converter - INFO - Conversion command executed successfully
2024-04-09 18:44:36,656 - __main__ - DEBUG - Validating file: Reportp1_4.pdf
2024-04-09 18:44:36,666 - __main__ - DEBUG - scan_result: {scan_result}
2024-04-09 18:55:10,174 - __main__ - DEBUG - Validating file: Reportp1_4.pdf
2024-04-09 18:55:10,185 - __main__ - DEBUG - scan_result: {scan_result}
2024-04-09 18:57:14,261 - __main__ - DEBUG - Validating file: Reportp1.docx
2024-04-09 18:57:14,284 - __main__ - DEBUG - scan_result: {scan_result}
2024-04-09 18:58:22,259 - __main__ - DEBUG - Validating file: Reportp1_4.docx
2024-04-09 18:58:29,046 - __main__ - DEBUG - scan_result: {scan_result}
2024-04-09 18:58:29,067 - converter_logic.docx_to_rtf_converter - DEBUG - Created temporary directory: /var/folders/fh/ydk8l4t16ws2w9f2fctf7k_h0000gn/T/tmp5pf8nvtb
2024-04-09 18:58:29,068 - converter_logic.docx_to_rtf_converter - DEBUG - Temporary paths set for input: /var/folders/fh/ydk8l4t16ws2w9f2fctf7k_h0000gn/T/tmp5pf8nvtb/document.docx and output: /var/folders/fh/ydk8l4t16ws2w9f2fctf7k_h0000gn/T/tmp5pf8nvtb/document.rtf
2024-04-09 18:58:29,070 - converter_logic.docx_to_rtf_converter - DEBUG - Wrote input stream to temporary file
2024-04-09 18:58:29,071 - converter_logic.docx_to_rtf_converter - DEBUG - Executing command: pandoc -s /var/folders/fh/ydk8l4t16ws2w9f2fctf7k_h0000gn/T/tmp5pf8nvtb/document.docx -o /var/folders/fh/ydk8l4t16ws2w9f2fctf7k_h0000gn/T/tmp5pf8nvtb/document.rtf
2024-04-09 18:58:33,095 - converter_logic.docx_to_rtf_converter - DEBUG - Pandoc conversion executed successfully
2024-04-09 18:58:33,098 - converter_logic.docx_to_rtf_converter - DEBUG - Read converted RTF content back into the output stream
2024-04-09 18:58:37,952 - __main__ - DEBUG - Validating file: Reportp1_4.docx
2024-04-09 18:58:37,982 - __main__ - DEBUG - scan_result: {scan_result}
2024-04-09 18:58:38,003 - converter_logic.docx_to_rtf_converter - DEBUG - Created temporary directory: /var/folders/fh/ydk8l4t16ws2w9f2fctf7k_h0000gn/T/tmp12heq40z
2024-04-09 18:58:38,003 - converter_logic.docx_to_rtf_converter - DEBUG - Temporary paths set for input: /var/folders/fh/ydk8l4t16ws2w9f2fctf7k_h0000gn/T/tmp12heq40z/document.docx and output: /var/folders/fh/ydk8l4t16ws2w9f2fctf7k_h0000gn/T/tmp12heq40z/document.rtf
2024-04-09 18:58:38,005 - converter_logic.docx_to_rtf_converter - DEBUG - Wrote input stream to temporary file
2024-04-09 18:58:38,005 - converter_logic.docx_to_rtf_converter - DEBUG - Executing command: pandoc -s /var/folders/fh/ydk8l4t16ws2w9f2fctf7k_h0000gn/T/tmp12heq40z/document.docx -o /var/folders/fh/ydk8l4t16ws2w9f2fctf7k_h0000gn/T/tmp12heq40z/document.rtf
2024-04-09 18:58:42,037 - converter_logic.docx_to_rtf_converter - DEBUG - Pandoc conversion executed successfully
2024-04-09 18:58:42,040 - converter_logic.docx_to_rtf_converter - DEBUG - Read converted RTF content back into the output stream
2024-04-09 19:00:02,348 - __main__ - DEBUG - Validating file: Reportp1_4_2.docx
2024-04-09 19:00:07,283 - __main__ - DEBUG - scan_result: {scan_result}
2024-04-09 19:00:07,306 - converter_logic.docx_to_rtf_converter - DEBUG - Created temporary directory: /var/folders/fh/ydk8l4t16ws2w9f2fctf7k_h0000gn/T/tmpcvohaahz
2024-04-09 19:00:07,306 - converter_logic.docx_to_rtf_converter - DEBUG - Temporary paths set for input: /var/folders/fh/ydk8l4t16ws2w9f2fctf7k_h0000gn/T/tmpcvohaahz/document.docx and output: /var/folders/fh/ydk8l4t16ws2w9f2fctf7k_h0000gn/T/tmpcvohaahz/document.rtf
2024-04-09 19:00:07,310 - converter_logic.docx_to_rtf_converter - DEBUG - Wrote input stream to temporary file
2024-04-09 19:00:07,310 - converter_logic.docx_to_rtf_converter - DEBUG - Executing command: pandoc -s /var/folders/fh/ydk8l4t16ws2w9f2fctf7k_h0000gn/T/tmpcvohaahz/document.docx -o /var/folders/fh/ydk8l4t16ws2w9f2fctf7k_h0000gn/T/tmpcvohaahz/document.rtf
2024-04-09 19:00:11,226 - converter_logic.docx_to_rtf_converter - DEBUG - Pandoc conversion executed successfully
2024-04-09 19:00:11,228 - converter_logic.docx_to_rtf_converter - DEBUG - Read converted RTF content back into the output stream
2024-04-09 19:02:26,133 - __main__ - DEBUG - Validating file: Reportp1_4_1.docx
2024-04-09 19:02:31,062 - __main__ - DEBUG - scan_result: {scan_result}
2024-04-09 19:02:31,081 - converter_logic.docx_to_rtf_converter - DEBUG - Created temporary directory: /var/folders/fh/ydk8l4t16ws2w9f2fctf7k_h0000gn/T/tmpz2q4bfdf
2024-04-09 19:02:31,081 - converter_logic.docx_to_rtf_converter - DEBUG - Temporary paths set for input: /var/folders/fh/ydk8l4t16ws2w9f2fctf7k_h0000gn/T/tmpz2q4bfdf/document.docx and output: /var/folders/fh/ydk8l4t16ws2w9f2fctf7k_h0000gn/T/tmpz2q4bfdf/document.rtf
2024-04-09 19:02:31,084 - converter_logic.docx_to_rtf_converter - DEBUG - Wrote input stream to temporary file
2024-04-09 19:02:31,084 - converter_logic.docx_to_rtf_converter - DEBUG - Executing command: pandoc -s /var/folders/fh/ydk8l4t16ws2w9f2fctf7k_h0000gn/T/tmpz2q4bfdf/document.docx -o /var/folders/fh/ydk8l4t16ws2w9f2fctf7k_h0000gn/T/tmpz2q4bfdf/document.rtf
2024-04-09 19:02:34,982 - converter_logic.docx_to_rtf_converter - DEBUG - Pandoc conversion executed successfully
2024-04-09 19:02:34,984 - converter_logic.docx_to_rtf_converter - DEBUG - Read converted RTF content back into the output stream
2024-04-09 19:02:53,177 - __main__ - DEBUG - Validating file: Reportp1_4_2.docx
2024-04-09 19:02:53,203 - __main__ - DEBUG - scan_result: {scan_result}
2024-04-09 19:02:53,224 - converter_logic.docx_to_rtf_converter - DEBUG - Created temporary directory: /var/folders/fh/ydk8l4t16ws2w9f2fctf7k_h0000gn/T/tmp2z1vik9l
2024-04-09 19:02:53,224 - converter_logic.docx_to_rtf_converter - DEBUG - Temporary paths set for input: /var/folders/fh/ydk8l4t16ws2w9f2fctf7k_h0000gn/T/tmp2z1vik9l/document.docx and output: /var/folders/fh/ydk8l4t16ws2w9f2fctf7k_h0000gn/T/tmp2z1vik9l/document.rtf
2024-04-09 19:02:53,226 - converter_logic.docx_to_rtf_converter - DEBUG - Wrote input stream to temporary file
2024-04-09 19:02:53,226 - converter_logic.docx_to_rtf_converter - DEBUG - Executing command: pandoc -s /var/folders/fh/ydk8l4t16ws2w9f2fctf7k_h0000gn/T/tmp2z1vik9l/document.docx -o /var/folders/fh/ydk8l4t16ws2w9f2fctf7k_h0000gn/T/tmp2z1vik9l/document.rtf
2024-04-09 19:02:57,116 - converter_logic.docx_to_rtf_converter - DEBUG - Pandoc conversion executed successfully
2024-04-09 19:02:57,118 - converter_logic.docx_to_rtf_converter - DEBUG - Read converted RTF content back into the output stream
2024-04-09 19:07:27,327 - __main__ - DEBUG - Validating file: Reportp1_4_2.docx
2024-04-09 19:07:27,360 - __main__ - DEBUG - scan_result: {scan_result}
2024-04-09 19:07:27,384 - converter_logic.docx_to_rtf_converter - DEBUG - Created temporary directory: /var/folders/fh/ydk8l4t16ws2w9f2fctf7k_h0000gn/T/tmp6il2tvs8
2024-04-09 19:07:27,384 - converter_logic.docx_to_rtf_converter - DEBUG - Temporary paths set for input: /var/folders/fh/ydk8l4t16ws2w9f2fctf7k_h0000gn/T/tmp6il2tvs8/document.docx and output: /var/folders/fh/ydk8l4t16ws2w9f2fctf7k_h0000gn/T/tmp6il2tvs8/document.rtf
2024-04-09 19:07:27,386 - converter_logic.docx_to_rtf_converter - DEBUG - Wrote input stream to temporary file
2024-04-09 19:07:27,386 - converter_logic.docx_to_rtf_converter - DEBUG - Executing command: pandoc -s /var/folders/fh/ydk8l4t16ws2w9f2fctf7k_h0000gn/T/tmp6il2tvs8/document.docx -o /var/folders/fh/ydk8l4t16ws2w9f2fctf7k_h0000gn/T/tmp6il2tvs8/document.rtf
2024-04-09 19:07:31,365 - converter_logic.docx_to_rtf_converter - DEBUG - Pandoc conversion executed successfully
2024-04-09 19:07:31,368 - converter_logic.docx_to_rtf_converter - DEBUG - Read converted RTF content back into the output stream
2024-04-09 19:10:59,544 - __main__ - DEBUG - Validating file: Reportp1_4.docx
2024-04-09 19:10:59,570 - __main__ - DEBUG - scan_result: {scan_result}
2024-04-09 19:10:59,594 - converter_logic.docx_to_rtf_converter - DEBUG - Created temporary directory: /var/folders/fh/ydk8l4t16ws2w9f2fctf7k_h0000gn/T/tmpnzakka0q
2024-04-09 19:10:59,594 - converter_logic.docx_to_rtf_converter - DEBUG - Temporary paths set for input: /var/folders/fh/ydk8l4t16ws2w9f2fctf7k_h0000gn/T/tmpnzakka0q/document.docx and output: /var/folders/fh/ydk8l4t16ws2w9f2fctf7k_h0000gn/T/tmpnzakka0q/document.rtf
2024-04-09 19:10:59,595 - converter_logic.docx_to_rtf_converter - DEBUG - Wrote input stream to temporary file
2024-04-09 19:10:59,595 - converter_logic.docx_to_rtf_converter - DEBUG - Executing command: pandoc -s /var/folders/fh/ydk8l4t16ws2w9f2fctf7k_h0000gn/T/tmpnzakka0q/document.docx -o /var/folders/fh/ydk8l4t16ws2w9f2fctf7k_h0000gn/T/tmpnzakka0q/document.rtf
2024-04-09 19:11:03,519 - converter_logic.docx_to_rtf_converter - DEBUG - Pandoc conversion executed successfully
2024-04-09 19:11:03,521 - converter_logic.docx_to_rtf_converter - DEBUG - Read converted RTF content back into the output stream
2024-04-09 19:11:14,438 - __main__ - DEBUG - Validating file: Reportp1_4_2.docx
2024-04-09 19:11:14,469 - __main__ - DEBUG - scan_result: {scan_result}
2024-04-09 19:11:14,492 - converter_logic.docx_to_rtf_converter - DEBUG - Created temporary directory: /var/folders/fh/ydk8l4t16ws2w9f2fctf7k_h0000gn/T/tmpchn4h87z
2024-04-09 19:11:14,492 - converter_logic.docx_to_rtf_converter - DEBUG - Temporary paths set for input: /var/folders/fh/ydk8l4t16ws2w9f2fctf7k_h0000gn/T/tmpchn4h87z/document.docx and output: /var/folders/fh/ydk8l4t16ws2w9f2fctf7k_h0000gn/T/tmpchn4h87z/document.rtf
2024-04-09 19:11:14,495 - converter_logic.docx_to_rtf_converter - DEBUG - Wrote input stream to temporary file
2024-04-09 19:11:14,495 - converter_logic.docx_to_rtf_converter - DEBUG - Executing command: pandoc -s /var/folders/fh/ydk8l4t16ws2w9f2fctf7k_h0000gn/T/tmpchn4h87z/document.docx -o /var/folders/fh/ydk8l4t16ws2w9f2fctf7k_h0000gn/T/tmpchn4h87z/document.rtf
2024-04-09 19:11:18,440 - converter_logic.docx_to_rtf_converter - DEBUG - Pandoc conversion executed successfully
2024-04-09 19:11:18,442 - converter_logic.docx_to_rtf_converter - DEBUG - Read converted RTF content back into the output stream
2024-04-09 19:11:38,170 - __main__ - DEBUG - Validating file: Reportp1_4_2.docx
2024-04-09 19:11:38,197 - __main__ - DEBUG - scan_result: {scan_result}
2024-04-09 19:11:38,218 - converter_logic.docx_to_rtf_converter - DEBUG - Created temporary directory: /var/folders/fh/ydk8l4t16ws2w9f2fctf7k_h0000gn/T/tmpysnn_fw5
2024-04-09 19:11:38,218 - converter_logic.docx_to_rtf_converter - DEBUG - Temporary paths set for input: /var/folders/fh/ydk8l4t16ws2w9f2fctf7k_h0000gn/T/tmpysnn_fw5/document.docx and output: /var/folders/fh/ydk8l4t16ws2w9f2fctf7k_h0000gn/T/tmpysnn_fw5/document.rtf
2024-04-09 19:11:38,220 - converter_logic.docx_to_rtf_converter - DEBUG - Wrote input stream to temporary file
2024-04-09 19:11:38,220 - converter_logic.docx_to_rtf_converter - DEBUG - Executing command: pandoc -s /var/folders/fh/ydk8l4t16ws2w9f2fctf7k_h0000gn/T/tmpysnn_fw5/document.docx -o /var/folders/fh/ydk8l4t16ws2w9f2fctf7k_h0000gn/T/tmpysnn_fw5/document.rtf
2024-04-09 19:11:42,139 - converter_logic.docx_to_rtf_converter - DEBUG - Pandoc conversion executed successfully
2024-04-09 19:11:42,141 - converter_logic.docx_to_rtf_converter - DEBUG - Read converted RTF content back into the output stream
2024-04-09 19:11:47,082 - __main__ - DEBUG - Validating file: Reportp1_4_2.docx
2024-04-09 19:11:47,109 - __main__ - DEBUG - scan_result: {scan_result}
2024-04-09 19:11:47,134 - converter_logic.docx_to_rtf_converter - DEBUG - Created temporary directory: /var/folders/fh/ydk8l4t16ws2w9f2fctf7k_h0000gn/T/tmph0r_ermq
2024-04-09 19:11:47,134 - converter_logic.docx_to_rtf_converter - DEBUG - Temporary paths set for input: /var/folders/fh/ydk8l4t16ws2w9f2fctf7k_h0000gn/T/tmph0r_ermq/document.docx and output: /var/folders/fh/ydk8l4t16ws2w9f2fctf7k_h0000gn/T/tmph0r_ermq/document.rtf
2024-04-09 19:11:47,136 - converter_logic.docx_to_rtf_converter - DEBUG - Wrote input stream to temporary file
2024-04-09 19:11:47,137 - converter_logic.docx_to_rtf_converter - DEBUG - Executing command: pandoc -s /var/folders/fh/ydk8l4t16ws2w9f2fctf7k_h0000gn/T/tmph0r_ermq/document.docx -o /var/folders/fh/ydk8l4t16ws2w9f2fctf7k_h0000gn/T/tmph0r_ermq/document.rtf
2024-04-09 19:11:51,079 - converter_logic.docx_to_rtf_converter - DEBUG - Pandoc conversion executed successfully
2024-04-09 19:11:51,082 - converter_logic.docx_to_rtf_converter - DEBUG - Read converted RTF content back into the output stream
2024-04-09 19:12:35,290 - __main__ - DEBUG - Validating file: Reportp1_4_1.docx
2024-04-09 19:12:35,321 - __main__ - DEBUG - scan_result: {scan_result}
2024-04-09 19:12:35,345 - converter_logic.docx_to_rtf_converter - DEBUG - Created temporary directory: /var/folders/fh/ydk8l4t16ws2w9f2fctf7k_h0000gn/T/tmpxpiren3j
2024-04-09 19:12:35,345 - converter_logic.docx_to_rtf_converter - DEBUG - Temporary paths set for input: /var/folders/fh/ydk8l4t16ws2w9f2fctf7k_h0000gn/T/tmpxpiren3j/document.docx and output: /var/folders/fh/ydk8l4t16ws2w9f2fctf7k_h0000gn/T/tmpxpiren3j/document.rtf
2024-04-09 19:12:35,347 - converter_logic.docx_to_rtf_converter - DEBUG - Wrote input stream to temporary file
2024-04-09 19:12:35,347 - converter_logic.docx_to_rtf_converter - DEBUG - Executing command: pandoc -s /var/folders/fh/ydk8l4t16ws2w9f2fctf7k_h0000gn/T/tmpxpiren3j/document.docx -o /var/folders/fh/ydk8l4t16ws2w9f2fctf7k_h0000gn/T/tmpxpiren3j/document.rtf
2024-04-09 19:12:39,264 - converter_logic.docx_to_rtf_converter - DEBUG - Pandoc conversion executed successfully
2024-04-09 19:12:39,267 - converter_logic.docx_to_rtf_converter - DEBUG - Read converted RTF content back into the output stream
2024-04-09 19:13:04,088 - __main__ - DEBUG - Validating file: Reportp1_4.rtf
2024-04-09 19:13:04,407 - __main__ - DEBUG - Validating file: Reportp1_4.rtf
2024-04-09 19:13:04,574 - __main__ - DEBUG - scan_result: {scan_result}
2024-04-09 19:13:04,847 - __main__ - DEBUG - scan_result: {scan_result}
2024-04-09 19:14:33,689 - __main__ - DEBUG - Validating file: Reportp1_4_2.docx
2024-04-09 19:14:33,723 - __main__ - DEBUG - scan_result: {scan_result}
2024-04-09 19:14:33,745 - converter_logic.docx_to_rtf_converter - DEBUG - Created temporary directory: /var/folders/fh/ydk8l4t16ws2w9f2fctf7k_h0000gn/T/tmpzysh5tvh
2024-04-09 19:14:33,746 - converter_logic.docx_to_rtf_converter - DEBUG - Temporary paths set for input: /var/folders/fh/ydk8l4t16ws2w9f2fctf7k_h0000gn/T/tmpzysh5tvh/document.docx and output: /var/folders/fh/ydk8l4t16ws2w9f2fctf7k_h0000gn/T/tmpzysh5tvh/document.rtf
2024-04-09 19:14:33,749 - converter_logic.docx_to_rtf_converter - DEBUG - Wrote input stream to temporary file
2024-04-09 19:14:33,749 - converter_logic.docx_to_rtf_converter - DEBUG - Executing command: pandoc -s /var/folders/fh/ydk8l4t16ws2w9f2fctf7k_h0000gn/T/tmpzysh5tvh/document.docx -o /var/folders/fh/ydk8l4t16ws2w9f2fctf7k_h0000gn/T/tmpzysh5tvh/document.rtf
2024-04-09 19:14:37,666 - converter_logic.docx_to_rtf_converter - DEBUG - Pandoc conversion executed successfully
2024-04-09 19:14:37,669 - converter_logic.docx_to_rtf_converter - DEBUG - Read converted RTF content back into the output stream
2024-04-09 19:15:23,839 - __main__ - DEBUG - Validating file: Reportp1_4_2.docx
2024-04-09 19:15:23,865 - __main__ - DEBUG - scan_result: {scan_result}
2024-04-09 19:15:23,887 - converter_logic.docx_to_rtf_converter - DEBUG - Created temporary directory: /var/folders/fh/ydk8l4t16ws2w9f2fctf7k_h0000gn/T/tmpura1x6in
2024-04-09 19:15:23,887 - converter_logic.docx_to_rtf_converter - DEBUG - Temporary paths set for input: /var/folders/fh/ydk8l4t16ws2w9f2fctf7k_h0000gn/T/tmpura1x6in/document.docx and output: /var/folders/fh/ydk8l4t16ws2w9f2fctf7k_h0000gn/T/tmpura1x6in/document.rtf
2024-04-09 19:15:23,889 - converter_logic.docx_to_rtf_converter - DEBUG - Wrote input stream to temporary file
2024-04-09 19:15:23,889 - converter_logic.docx_to_rtf_converter - DEBUG - Executing command: pandoc -s /var/folders/fh/ydk8l4t16ws2w9f2fctf7k_h0000gn/T/tmpura1x6in/document.docx -o /var/folders/fh/ydk8l4t16ws2w9f2fctf7k_h0000gn/T/tmpura1x6in/document.rtf
2024-04-09 19:15:27,785 - converter_logic.docx_to_rtf_converter - DEBUG - Pandoc conversion executed successfully
2024-04-09 19:15:27,787 - converter_logic.docx_to_rtf_converter - DEBUG - Read converted RTF content back into the output stream
2024-04-09 19:15:49,841 - __main__ - DEBUG - Validating file: largefile.docx
2024-04-09 19:15:49,847 - __main__ - DEBUG - scan_result: {scan_result}
2024-04-09 19:15:49,859 - converter_logic.docx_to_rtf_converter - DEBUG - Created temporary directory: /var/folders/fh/ydk8l4t16ws2w9f2fctf7k_h0000gn/T/tmp_45seeav
2024-04-09 19:15:49,859 - converter_logic.docx_to_rtf_converter - DEBUG - Temporary paths set for input: /var/folders/fh/ydk8l4t16ws2w9f2fctf7k_h0000gn/T/tmp_45seeav/document.docx and output: /var/folders/fh/ydk8l4t16ws2w9f2fctf7k_h0000gn/T/tmp_45seeav/document.rtf
2024-04-09 19:15:49,861 - converter_logic.docx_to_rtf_converter - DEBUG - Wrote input stream to temporary file
2024-04-09 19:15:49,861 - converter_logic.docx_to_rtf_converter - DEBUG - Executing command: pandoc -s /var/folders/fh/ydk8l4t16ws2w9f2fctf7k_h0000gn/T/tmp_45seeav/document.docx -o /var/folders/fh/ydk8l4t16ws2w9f2fctf7k_h0000gn/T/tmp_45seeav/document.rtf
2024-04-09 19:16:42,839 - converter_logic.docx_to_rtf_converter - DEBUG - Pandoc conversion executed successfully
2024-04-09 19:16:42,845 - converter_logic.docx_to_rtf_converter - DEBUG - Read converted RTF content back into the output stream
2024-04-09 19:18:27,000 - __main__ - DEBUG - Validating file: Reportp1_2.pdf
2024-04-09 19:18:27,112 - __main__ - DEBUG - scan_result: {scan_result}
2024-04-09 19:18:38,176 - __main__ - DEBUG - Validating file: Reportp1_2.pdf
2024-04-09 19:18:38,187 - __main__ - DEBUG - scan_result: {scan_result}
2024-04-09 19:19:02,487 - __main__ - DEBUG - Validating file: largefile.rtf
2024-04-09 19:19:02,865 - __main__ - DEBUG - scan_result: {scan_result}
2024-04-09 19:20:25,085 - __main__ - DEBUG - Validating file: Reportp1_4_3.rtf
2024-04-09 19:20:25,146 - __main__ - DEBUG - scan_result: {scan_result}
2024-04-09 19:21:36,036 - __main__ - DEBUG - Validating file: Reportp1_4_2_1.rtf
2024-04-09 19:21:36,099 - __main__ - DEBUG - scan_result: {scan_result}
2024-04-09 19:22:13,907 - __main__ - DEBUG - Validating file: Reportp1_2_1.rtf
2024-04-09 19:22:13,908 - __main__ - DEBUG - scan_result: {scan_result}
2024-04-09 19:22:20,987 - __main__ - DEBUG - Validating file: Reportp1_2.docx
2024-04-09 19:22:25,997 - __main__ - DEBUG - scan_result: {scan_result}
2024-04-09 19:22:26,014 - converter_logic.docx_to_rtf_converter - DEBUG - Created temporary directory: /var/folders/fh/ydk8l4t16ws2w9f2fctf7k_h0000gn/T/tmpxt_ipxbs
2024-04-09 19:22:26,014 - converter_logic.docx_to_rtf_converter - DEBUG - Temporary paths set for input: /var/folders/fh/ydk8l4t16ws2w9f2fctf7k_h0000gn/T/tmpxt_ipxbs/document.docx and output: /var/folders/fh/ydk8l4t16ws2w9f2fctf7k_h0000gn/T/tmpxt_ipxbs/document.rtf
2024-04-09 19:22:26,016 - converter_logic.docx_to_rtf_converter - DEBUG - Wrote input stream to temporary file
2024-04-09 19:22:26,016 - converter_logic.docx_to_rtf_converter - DEBUG - Executing command: pandoc -s /var/folders/fh/ydk8l4t16ws2w9f2fctf7k_h0000gn/T/tmpxt_ipxbs/document.docx -o /var/folders/fh/ydk8l4t16ws2w9f2fctf7k_h0000gn/T/tmpxt_ipxbs/document.rtf
2024-04-09 19:22:29,931 - converter_logic.docx_to_rtf_converter - DEBUG - Pandoc conversion executed successfully
2024-04-09 19:22:29,933 - converter_logic.docx_to_rtf_converter - DEBUG - Read converted RTF content back into the output stream
2024-04-09 19:24:08,594 - __main__ - DEBUG - Validating file: Reportp1_2.docx
2024-04-09 19:24:08,625 - __main__ - DEBUG - scan_result: {scan_result}
2024-04-09 19:24:08,641 - converter_logic.docx_to_rtf_converter - DEBUG - Created temporary directory: /var/folders/fh/ydk8l4t16ws2w9f2fctf7k_h0000gn/T/tmpn900299x
2024-04-09 19:24:08,641 - converter_logic.docx_to_rtf_converter - DEBUG - Temporary paths set for input: /var/folders/fh/ydk8l4t16ws2w9f2fctf7k_h0000gn/T/tmpn900299x/document.docx and output: /var/folders/fh/ydk8l4t16ws2w9f2fctf7k_h0000gn/T/tmpn900299x/document.rtf
2024-04-09 19:24:08,643 - converter_logic.docx_to_rtf_converter - DEBUG - Wrote input stream to temporary file
2024-04-09 19:24:08,643 - converter_logic.docx_to_rtf_converter - DEBUG - Executing command: pandoc -s /var/folders/fh/ydk8l4t16ws2w9f2fctf7k_h0000gn/T/tmpn900299x/document.docx -o /var/folders/fh/ydk8l4t16ws2w9f2fctf7k_h0000gn/T/tmpn900299x/document.rtf
2024-04-09 19:24:12,582 - converter_logic.docx_to_rtf_converter - DEBUG - Pandoc conversion executed successfully
2024-04-09 19:24:12,584 - converter_logic.docx_to_rtf_converter - DEBUG - Read converted RTF content back into the output stream
2024-04-09 19:26:14,867 - __main__ - DEBUG - Validating file: Reportp1_4_2_1.rtf
2024-04-09 19:26:14,925 - __main__ - DEBUG - scan_result: {scan_result}
2024-04-09 19:28:05,916 - __main__ - DEBUG - Validating file: Reportp1_4_2_1.rtf
2024-04-09 19:28:05,976 - __main__ - DEBUG - scan_result: {scan_result}
2024-04-09 19:28:14,020 - __main__ - DEBUG - Validating file: Reportp1_4_2.rtf
2024-04-09 19:28:14,075 - __main__ - DEBUG - scan_result: {scan_result}
2024-04-09 19:30:06,387 - __main__ - DEBUG - Validating file: Reportp1_4_2.rtf
2024-04-09 19:30:06,445 - __main__ - DEBUG - scan_result: {scan_result}
2024-04-09 19:30:30,998 - __main__ - DEBUG - Validating file: Reportp1_4_2.rtf
2024-04-09 19:30:31,063 - __main__ - DEBUG - scan_result: {scan_result}
2024-04-09 19:30:40,522 - __main__ - DEBUG - Validating file: ArchieGledhillCV.rtf
2024-04-09 19:30:40,523 - __main__ - DEBUG - scan_result: {scan_result}
2024-04-09 19:30:40,530 - converter_logic.rtf_to_docx_converter - INFO - Temporary RTF path: /var/folders/fh/ydk8l4t16ws2w9f2fctf7k_h0000gn/T/tmp0lr9jg3a/input.rtf
2024-04-09 19:30:40,531 - converter_logic.rtf_to_docx_converter - INFO - Temporary DOCX path: /var/folders/fh/ydk8l4t16ws2w9f2fctf7k_h0000gn/T/tmp0lr9jg3a/input.docx
2024-04-09 19:30:40,531 - converter_logic.rtf_to_docx_converter - INFO - Written RTF content to temporary file
2024-04-09 19:30:40,532 - converter_logic.rtf_to_docx_converter - INFO - Executing command: /Applications/LibreOffice.app/Contents/MacOS/soffice --headless --convert-to docx --outdir /var/folders/fh/ydk8l4t16ws2w9f2fctf7k_h0000gn/T/tmp0lr9jg3a /var/folders/fh/ydk8l4t16ws2w9f2fctf7k_h0000gn/T/tmp0lr9jg3a/input.rtf
2024-04-09 19:30:41,792 - converter_logic.rtf_to_docx_converter - INFO - Conversion command executed successfully
2024-04-09 19:31:45,383 - __main__ - DEBUG - Validating file: ArchieGledhillCV.rtf
2024-04-09 19:31:45,385 - __main__ - DEBUG - scan_result: {scan_result}
2024-04-09 19:31:45,392 - converter_logic.rtf_to_docx_converter - INFO - Temporary RTF path: /var/folders/fh/ydk8l4t16ws2w9f2fctf7k_h0000gn/T/tmp2mmsru5j/input.rtf
2024-04-09 19:31:45,392 - converter_logic.rtf_to_docx_converter - INFO - Temporary DOCX path: /var/folders/fh/ydk8l4t16ws2w9f2fctf7k_h0000gn/T/tmp2mmsru5j/input.docx
2024-04-09 19:31:45,392 - converter_logic.rtf_to_docx_converter - INFO - Written RTF content to temporary file
2024-04-09 19:31:45,392 - converter_logic.rtf_to_docx_converter - INFO - Executing command: /Applications/LibreOffice.app/Contents/MacOS/soffice --headless --convert-to docx --outdir /var/folders/fh/ydk8l4t16ws2w9f2fctf7k_h0000gn/T/tmp2mmsru5j /var/folders/fh/ydk8l4t16ws2w9f2fctf7k_h0000gn/T/tmp2mmsru5j/input.rtf
2024-04-09 19:31:46,493 - converter_logic.rtf_to_docx_converter - INFO - Conversion command executed successfully
2024-04-09 19:34:08,299 - __main__ - DEBUG - Validating file: Reportp1_4_3.rtf
2024-04-09 19:34:08,362 - __main__ - DEBUG - scan_result: {scan_result}
2024-04-09 19:34:24,888 - __main__ - DEBUG - Validating file: largefile.docx
2024-04-09 19:34:24,896 - __main__ - DEBUG - scan_result: {scan_result}
2024-04-10 10:40:32,134 - __main__ - DEBUG - Validating file: Reportp1_4.docx
2024-04-10 10:40:32,162 - __main__ - DEBUG - scan_result: {scan_result}
2024-04-10 10:40:32,176 - converter_logic.docx_to_rtf_converter - DEBUG - Created temporary directory: /var/folders/fh/ydk8l4t16ws2w9f2fctf7k_h0000gn/T/tmpm1hlgv1v
2024-04-10 10:40:32,176 - converter_logic.docx_to_rtf_converter - DEBUG - Temporary paths set for input: /var/folders/fh/ydk8l4t16ws2w9f2fctf7k_h0000gn/T/tmpm1hlgv1v/document.docx and output: /var/folders/fh/ydk8l4t16ws2w9f2fctf7k_h0000gn/T/tmpm1hlgv1v/document.rtf
2024-04-10 10:40:32,178 - converter_logic.docx_to_rtf_converter - DEBUG - Wrote input stream to temporary file
2024-04-10 10:40:32,178 - converter_logic.docx_to_rtf_converter - DEBUG - Executing command: pandoc -s /var/folders/fh/ydk8l4t16ws2w9f2fctf7k_h0000gn/T/tmpm1hlgv1v/document.docx -o /var/folders/fh/ydk8l4t16ws2w9f2fctf7k_h0000gn/T/tmpm1hlgv1v/document.rtf
2024-04-10 10:40:36,322 - converter_logic.docx_to_rtf_converter - DEBUG - Pandoc conversion executed successfully
2024-04-10 10:40:36,324 - converter_logic.docx_to_rtf_converter - DEBUG - Read converted RTF content back into the output stream
2024-04-10 10:41:29,501 - __main__ - DEBUG - Validating file: Reportp1_4.docx
2024-04-10 10:41:29,527 - __main__ - DEBUG - scan_result: {scan_result}
2024-04-10 10:41:29,549 - converter_logic.docx_to_rtf_converter - DEBUG - Created temporary directory: /var/folders/fh/ydk8l4t16ws2w9f2fctf7k_h0000gn/T/tmp4b4op4_s
2024-04-10 10:41:29,549 - converter_logic.docx_to_rtf_converter - DEBUG - Temporary paths set for input: /var/folders/fh/ydk8l4t16ws2w9f2fctf7k_h0000gn/T/tmp4b4op4_s/document.docx and output: /var/folders/fh/ydk8l4t16ws2w9f2fctf7k_h0000gn/T/tmp4b4op4_s/document.rtf
2024-04-10 10:41:29,552 - converter_logic.docx_to_rtf_converter - DEBUG - Wrote input stream to temporary file
2024-04-10 10:41:29,552 - converter_logic.docx_to_rtf_converter - DEBUG - Executing command: pandoc -s /var/folders/fh/ydk8l4t16ws2w9f2fctf7k_h0000gn/T/tmp4b4op4_s/document.docx -o /var/folders/fh/ydk8l4t16ws2w9f2fctf7k_h0000gn/T/tmp4b4op4_s/document.rtf
2024-04-10 10:41:33,444 - converter_logic.docx_to_rtf_converter - DEBUG - Pandoc conversion executed successfully
2024-04-10 10:41:33,447 - converter_logic.docx_to_rtf_converter - DEBUG - Read converted RTF content back into the output stream
2024-04-10 10:41:33,959 - __main__ - DEBUG - Validating file: Reportp1_4.docx
2024-04-10 10:41:33,986 - __main__ - DEBUG - scan_result: {scan_result}
2024-04-10 10:41:34,004 - converter_logic.docx_to_rtf_converter - DEBUG - Created temporary directory: /var/folders/fh/ydk8l4t16ws2w9f2fctf7k_h0000gn/T/tmp43efd0g6
2024-04-10 10:41:34,004 - converter_logic.docx_to_rtf_converter - DEBUG - Temporary paths set for input: /var/folders/fh/ydk8l4t16ws2w9f2fctf7k_h0000gn/T/tmp43efd0g6/document.docx and output: /var/folders/fh/ydk8l4t16ws2w9f2fctf7k_h0000gn/T/tmp43efd0g6/document.rtf
2024-04-10 10:41:34,005 - converter_logic.docx_to_rtf_converter - DEBUG - Wrote input stream to temporary file
2024-04-10 10:41:34,005 - converter_logic.docx_to_rtf_converter - DEBUG - Executing command: pandoc -s /var/folders/fh/ydk8l4t16ws2w9f2fctf7k_h0000gn/T/tmp43efd0g6/document.docx -o /var/folders/fh/ydk8l4t16ws2w9f2fctf7k_h0000gn/T/tmp43efd0g6/document.rtf
2024-04-10 10:41:37,884 - converter_logic.docx_to_rtf_converter - DEBUG - Pandoc conversion executed successfully
2024-04-10 10:41:37,886 - converter_logic.docx_to_rtf_converter - DEBUG - Read converted RTF content back into the output stream
2024-04-10 10:41:38,449 - __main__ - DEBUG - Validating file: Reportp1_4.docx
2024-04-10 10:41:38,475 - __main__ - DEBUG - scan_result: {scan_result}
2024-04-10 10:41:38,489 - converter_logic.docx_to_rtf_converter - DEBUG - Created temporary directory: /var/folders/fh/ydk8l4t16ws2w9f2fctf7k_h0000gn/T/tmpmkb6x0kp
2024-04-10 10:41:38,489 - converter_logic.docx_to_rtf_converter - DEBUG - Temporary paths set for input: /var/folders/fh/ydk8l4t16ws2w9f2fctf7k_h0000gn/T/tmpmkb6x0kp/document.docx and output: /var/folders/fh/ydk8l4t16ws2w9f2fctf7k_h0000gn/T/tmpmkb6x0kp/document.rtf
2024-04-10 10:41:38,490 - converter_logic.docx_to_rtf_converter - DEBUG - Wrote input stream to temporary file
2024-04-10 10:41:38,491 - converter_logic.docx_to_rtf_converter - DEBUG - Executing command: pandoc -s /var/folders/fh/ydk8l4t16ws2w9f2fctf7k_h0000gn/T/tmpmkb6x0kp/document.docx -o /var/folders/fh/ydk8l4t16ws2w9f2fctf7k_h0000gn/T/tmpmkb6x0kp/document.rtf
2024-04-10 10:41:42,364 - converter_logic.docx_to_rtf_converter - DEBUG - Pandoc conversion executed successfully
2024-04-10 10:41:42,366 - converter_logic.docx_to_rtf_converter - DEBUG - Read converted RTF content back into the output stream
2024-04-10 10:41:43,203 - __main__ - DEBUG - Validating file: Reportp1_4.docx
2024-04-10 10:41:43,229 - __main__ - DEBUG - scan_result: {scan_result}
2024-04-10 10:41:43,249 - converter_logic.docx_to_rtf_converter - DEBUG - Created temporary directory: /var/folders/fh/ydk8l4t16ws2w9f2fctf7k_h0000gn/T/tmpx8napiik
2024-04-10 10:41:43,250 - converter_logic.docx_to_rtf_converter - DEBUG - Temporary paths set for input: /var/folders/fh/ydk8l4t16ws2w9f2fctf7k_h0000gn/T/tmpx8napiik/document.docx and output: /var/folders/fh/ydk8l4t16ws2w9f2fctf7k_h0000gn/T/tmpx8napiik/document.rtf
2024-04-10 10:41:43,251 - converter_logic.docx_to_rtf_converter - DEBUG - Wrote input stream to temporary file
2024-04-10 10:41:43,251 - converter_logic.docx_to_rtf_converter - DEBUG - Executing command: pandoc -s /var/folders/fh/ydk8l4t16ws2w9f2fctf7k_h0000gn/T/tmpx8napiik/document.docx -o /var/folders/fh/ydk8l4t16ws2w9f2fctf7k_h0000gn/T/tmpx8napiik/document.rtf
2024-04-10 10:41:47,169 - converter_logic.docx_to_rtf_converter - DEBUG - Pandoc conversion executed successfully
2024-04-10 10:41:47,173 - converter_logic.docx_to_rtf_converter - DEBUG - Read converted RTF content back into the output stream
